com/example/demo/config/WebConfig.class
com/example/demo/model/Like.class
com/example/demo/model/User$Role.class
com/example/demo/repository/BuildRepository.class
com/example/demo/controller/OrderNotFoundExeption.class
com/example/demo/model/RefreshToken.class
com/example/demo/model/Build.class
com/example/demo/repository/LikeRepository.class
com/example/demo/config/SecurityConfig.class
com/example/demo/service/UserDetailsServiceImpl.class
com/example/demo/dto/BuildRequest.class
com/example/demo/model/Build$BuildWeaponClass.class
com/example/demo/model/User.class
com/example/demo/service/JwtService.class
com/example/demo/model/Build$BuildDamageCategory.class
com/example/demo/dto/BuildResponse.class
com/example/demo/config/SecurityExceptionHandler.class
com/example/demo/service/BuildServiceImpl.class
com/example/demo/dto/RefreshTokenRequest.class
com/example/demo/model/Build$BuildStatus.class
com/example/demo/repository/UserRepository.class
com/example/demo/service/JwtAuthFilter.class
com/example/demo/model/Build$BuildScalingLevel.class
com/example/demo/config/CustomUserDetailsService.class
com/example/demo/controller/LikeController.class
com/example/demo/dto/AuthRequest.class
com/example/demo/repository/RefreshTokenRepository.class
com/example/demo/controller/ViewController.class
com/example/demo/service/AuthService.class
com/example/demo/controller/BuildController.class
com/example/demo/service/BuildService.class
com/example/demo/dto/AuthResponse.class
com/example/demo/Run.class
com/example/demo/config/AppConfig.class
com/example/demo/service/RefreshTokenService.class
com/example/demo/controller/AuthController.class
com/example/demo/Demo8Application.class
