/home/dimannnn/IdeaProjects/demo8/src/main/java/com/example/demo/Demo8Application.java
/home/dimannnn/IdeaProjects/demo8/src/main/java/com/example/demo/Run.java
/home/dimannnn/IdeaProjects/demo8/src/main/java/com/example/demo/config/AppConfig.java
/home/dimannnn/IdeaProjects/demo8/src/main/java/com/example/demo/config/CustomUserDetailsService.java
/home/dimannnn/IdeaProjects/demo8/src/main/java/com/example/demo/config/SecurityConfig.java
/home/dimannnn/IdeaProjects/demo8/src/main/java/com/example/demo/config/SecurityExceptionHandler.java
/home/dimannnn/IdeaProjects/demo8/src/main/java/com/example/demo/config/WebConfig.java
/home/dimannnn/IdeaProjects/demo8/src/main/java/com/example/demo/controller/AuthController.java
/home/dimannnn/IdeaProjects/demo8/src/main/java/com/example/demo/controller/BuildController.java
/home/dimannnn/IdeaProjects/demo8/src/main/java/com/example/demo/controller/LikeController.java
/home/dimannnn/IdeaProjects/demo8/src/main/java/com/example/demo/controller/OrderNotFoundExeption.java
/home/dimannnn/IdeaProjects/demo8/src/main/java/com/example/demo/controller/ViewController.java
/home/dimannnn/IdeaProjects/demo8/src/main/java/com/example/demo/dto/AuthRequest.java
/home/dimannnn/IdeaProjects/demo8/src/main/java/com/example/demo/dto/AuthResponse.java
/home/dimannnn/IdeaProjects/demo8/src/main/java/com/example/demo/dto/BuildRequest.java
/home/dimannnn/IdeaProjects/demo8/src/main/java/com/example/demo/dto/BuildResponse.java
/home/dimannnn/IdeaProjects/demo8/src/main/java/com/example/demo/dto/RefreshTokenRequest.java
/home/dimannnn/IdeaProjects/demo8/src/main/java/com/example/demo/model/Build.java
/home/dimannnn/IdeaProjects/demo8/src/main/java/com/example/demo/model/Like.java
/home/dimannnn/IdeaProjects/demo8/src/main/java/com/example/demo/model/RefreshToken.java
/home/dimannnn/IdeaProjects/demo8/src/main/java/com/example/demo/model/User.java
/home/dimannnn/IdeaProjects/demo8/src/main/java/com/example/demo/repository/BuildRepository.java
/home/dimannnn/IdeaProjects/demo8/src/main/java/com/example/demo/repository/LikeRepository.java
/home/dimannnn/IdeaProjects/demo8/src/main/java/com/example/demo/repository/RefreshTokenRepository.java
/home/dimannnn/IdeaProjects/demo8/src/main/java/com/example/demo/repository/UserRepository.java
/home/dimannnn/IdeaProjects/demo8/src/main/java/com/example/demo/service/AuthService.java
/home/dimannnn/IdeaProjects/demo8/src/main/java/com/example/demo/service/BuildService.java
/home/dimannnn/IdeaProjects/demo8/src/main/java/com/example/demo/service/BuildServiceImpl.java
/home/dimannnn/IdeaProjects/demo8/src/main/java/com/example/demo/service/JwtAuthFilter.java
/home/dimannnn/IdeaProjects/demo8/src/main/java/com/example/demo/service/JwtService.java
/home/dimannnn/IdeaProjects/demo8/src/main/java/com/example/demo/service/RefreshTokenService.java
/home/dimannnn/IdeaProjects/demo8/src/main/java/com/example/demo/service/UserDetailsServiceImpl.java
